// Jest Snapshot v1, https://goo.gl/fbAQLP

exports[`Input renders correctly 1`] = `
<input
  className="src__Input-sc-1wlqsrw-0 aLCT"
/>
`;
