// Jest Snapshot v1, https://goo.gl/fbAQLP

exports[`Button renders correctly 1`] = `
<button
  className="src__Button-sc-1wu3ion-0 bMVqzV"
>
  Test
</button>
`;
